0 basePose:{tr:{x:+0.0,y:+10.0,z:+0.0},ori:{v:{x:+0.0,y:+0.0,z:+0.707153},w:+0.707153},sc:{x:+1.0,y:+1.0,z:+1.0}}{tr:{x:+0.0,y:+20.0,z:+0.0},ori:{v:{x:+0.0,y:+0.0,z:+0.98291},w:+0.184326},sc:{x:+1.0,y:+1.0,z:+1.0}}{tr:{x:-6.990234,y:+22.71875,z:+0.0},ori:{v:{x:+0.0,y:+0.0,z:+0.817016},w:-0.57666},sc:{x:+1.0,y:+1.0,z:+1.0}}{tr:{x:-8.666016,y:+18.00781,z:+0.0},ori:{v:{x:+0.0,y:+0.0,z:-0.043792},w:-0.999023},sc:{x:+1.0,y:+1.0,z:+1.0}} ikpose:{tr:{x:+0.0,y:+10.0,z:+0.0},ori:{v:{x:+0.0,y:+0.0,z:+0.977661},w:-0.210418},sc:{x:+1.0,y:+1.0,z:+1.0}}{tr:{x:-9.115234,y:+5.885742,z:+0.0},ori:{v:{x:+0.0,y:+0.0,z:+0.412963},w:-0.910766},sc:{x:+1.0,y:+1.0,z:+1.0}}{tr:{x:-4.171875,y:+0.244537,z:+0.0},ori:{v:{x:+0.0,y:+0.0,z:-0.287719},w:-0.957763},sc:{x:+1.0,y:+1.0,z:+1.0}}{tr:{x:+0.0,y:+3.0,z:+0.0},ori:{v:{x:+0.0,y:+0.0,z:+0.0},w:+1.0},sc:{x:+1.0,y:+1.0,z:+1.0}}
1 basePose:{tr:{x:+0.0,y:+10.0,z:+0.0},ori:{v:{x:+0.0,y:+0.0,z:+0.707153},w:+0.707153},sc:{x:+1.0,y:+1.0,z:+1.0}}{tr:{x:+0.0,y:+20.0,z:+0.0},ori:{v:{x:+0.0,y:+0.0,z:+0.98291},w:+0.184326},sc:{x:+1.0,y:+1.0,z:+1.0}}{tr:{x:-6.990234,y:+22.71875,z:+0.0},ori:{v:{x:+0.0,y:+0.0,z:+0.817016},w:-0.57666},sc:{x:+1.0,y:+1.0,z:+1.0}}{tr:{x:-8.666016,y:+18.00781,z:+0.0},ori:{v:{x:+0.0,y:+0.0,z:-0.043792},w:-0.999023},sc:{x:+1.0,y:+1.0,z:+1.0}} ikpose:{tr:{x:+0.0,y:+10.0,z:+0.0},ori:{v:{x:+2.725219e-2,y:+0.549984e-2,z:+0.97705},w:-0.211334},sc:{x:+1.0,y:+1.0,z:+1.0}}{tr:{x:-9.091797,y:+5.874023,z:+0.555786},ori:{v:{x:+2.06871e-2,y:-1.856994e-2,z:+0.414062},w:-0.90979},sc:{x:+1.0,y:+1.0,z:+1.0}}{tr:{x:-4.168945,y:+0.216644,z:+0.430786},ori:{v:{x:+3.356933e-3,y:-2.759933e-2,z:-0.286926},w:-0.957519},sc:{x:+1.0,y:+1.0,z:+1.0}}{tr:{x:-0.476837e-6,y:+2.96289,z:+0.156921},ori:{v:{x:+0.0,y:+0.0,z:+0.0},w:+1.0},sc:{x:+1.0,y:+1.0,z:+1.0}}
2 basePose:{tr:{x:+0.0,y:+10.0,z:+0.0},ori:{v:{x:+0.0,y:+0.0,z:+0.707153},w:+0.707153},sc:{x:+1.0,y:+1.0,z:+1.0}}{tr:{x:+0.0,y:+20.0,z:+0.0},ori:{v:{x:+0.0,y:+0.0,z:+0.98291},w:+0.184326},sc:{x:+1.0,y:+1.0,z:+1.0}}{tr:{x:-6.990234,y:+22.71875,z:+0.0},ori:{v:{x:+0.0,y:+0.0,z:+0.817016},w:-0.57666},sc:{x:+1.0,y:+1.0,z:+1.0}}{tr:{x:-8.666016,y:+18.00781,z:+0.0},ori:{v:{x:+0.0,y:+0.0,z:-0.043792},w:-0.999023},sc:{x:+1.0,y:+1.0,z:+1.0}} ikpose:{tr:{x:+0.0,y:+10.0,z:+0.0},ori:{v:{x:+0.053459,y:+1.057434e-2,z:+0.975341},w:-0.21408},sc:{x:+1.0,y:+1.0,z:+1.0}}{tr:{x:-9.025391,y:+5.835937,z:+1.088134},ori:{v:{x:+0.040679,y:-0.036262,z:+0.417541},w:-0.906982},sc:{x:+1.0,y:+1.0,z:+1.0}}{tr:{x:-4.161133,y:+0.132995,z:+0.849487},ori:{v:{x:+0.664997e-2,y:-0.054092,z:-0.284606},w:-0.957153},sc:{x:+1.0,y:+1.0,z:+1.0}}{tr:{x:-0.381469e-5,y:+2.853027,z:+0.312866},ori:{v:{x:+0.0,y:+0.0,z:+0.0},w:+1.0},sc:{x:+1.0,y:+1.0,z:+1.0}}
3 basePose:{tr:{x:+0.0,y:+10.0,z:+0.0},ori:{v:{x:+0.0,y:+0.0,z:+0.707153},w:+0.707153},sc:{x:+1.0,y:+1.0,z:+1.0}}{tr:{x:+0.0,y:+20.0,z:+0.0},ori:{v:{x:+0.0,y:+0.0,z:+0.98291},w:+0.184326},sc:{x:+1.0,y:+1.0,z:+1.0}}{tr:{x:-6.990234,y:+22.71875,z:+0.0},ori:{v:{x:+0.0,y:+0.0,z:+0.817016},w:-0.57666},sc:{x:+1.0,y:+1.0,z:+1.0}}{tr:{x:-8.666016,y:+18.00781,z:+0.0},ori:{v:{x:+0.0,y:+0.0,z:-0.043792},w:-0.999023},sc:{x:+1.0,y:+1.0,z:+1.0}} ikpose:{tr:{x:+0.0,y:+10.0,z:+0.0},ori:{v:{x:+0.077743,y:+1.486969e-2,z:+0.972534},w:-0.218658},sc:{x:+1.0,y:+1.0,z:+1.0}}{tr:{x:-8.921875,y:+5.769531,z:+1.577392},ori:{v:{x:+0.059387,y:-0.05233,z:+0.423156},w:-0.902587},sc:{x:+1.0,y:+1.0,z:+1.0}}{tr:{x:-4.149414,y:-0.574588e-2,z:+1.245849},ori:{v:{x:+0.982856e-2,y:-0.078536,z:-0.280883},w:-0.95642},sc:{x:+1.0,y:+1.0,z:+1.0}}{tr:{x:-2.384185e-6,y:+2.672851,z:+0.466918},ori:{v:{x:+0.0,y:+0.0,z:+0.0},w:+1.0},sc:{x:+1.0,y:+1.0,z:+1.0}}
4 basePose:{tr:{x:+0.0,y:+10.0,z:+0.0},ori:{v:{x:+0.0,y:+0.0,z:+0.707153},w:+0.707153},sc:{x:+1.0,y:+1.0,z:+1.0}}{tr:{x:+0.0,y:+20.0,z:+0.0},ori:{v:{x:+0.0,y:+0.0,z:+0.98291},w:+0.184326},sc:{x:+1.0,y:+1.0,z:+1.0}}{tr:{x:-6.990234,y:+22.71875,z:+0.0},ori:{v:{x:+0.0,y:+0.0,z:+0.817016},w:-0.57666},sc:{x:+1.0,y:+1.0,z:+1.0}}{tr:{x:-8.666016,y:+18.00781,z:+0.0},ori:{v:{x:+0.0,y:+0.0,z:-0.043792},w:-0.999023},sc:{x:+1.0,y:+1.0,z:+1.0}} ikpose:{tr:{x:+0.0,y:+10.0,z:+0.0},ori:{v:{x:+0.099472,y:+1.813888e-2,z:+0.969116},w:-0.225128},sc:{x:+1.0,y:+1.0,z:+1.0}}{tr:{x:-8.789063,y:+5.672851,z:+2.009277},ori:{v:{x:+0.076385,y:-0.066238,z:+0.430786},w:-0.896728},sc:{x:+1.0,y:+1.0,z:+1.0}}{tr:{x:-4.137695,y:-0.197998,z:+1.61206},ori:{v:{x:+1.286125e-2,y:-0.10028,z:-0.276},w:-0.95581},sc:{x:+1.0,y:+1.0,z:+1.0}}{tr:{x:-2.384185e-6,y:+2.427246,z:+0.618042},ori:{v:{x:+0.0,y:+0.0,z:+0.0},w:+1.0},sc:{x:+1.0,y:+1.0,z:+1.0}}
5 basePose:{tr:{x:+0.0,y:+10.0,z:+0.0},ori:{v:{x:+0.0,y:+0.0,z:+0.707153},w:+0.707153},sc:{x:+1.0,y:+1.0,z:+1.0}}{tr:{x:+0.0,y:+20.0,z:+0.0},ori:{v:{x:+0.0,y:+0.0,z:+0.98291},w:+0.184326},sc:{x:+1.0,y:+1.0,z:+1.0}}{tr:{x:-6.990234,y:+22.71875,z:+0.0},ori:{v:{x:+0.0,y:+0.0,z:+0.817016},w:-0.57666},sc:{x:+1.0,y:+1.0,z:+1.0}}{tr:{x:-8.666016,y:+18.00781,z:+0.0},ori:{v:{x:+0.0,y:+0.0,z:-0.043792},w:-0.999023},sc:{x:+1.0,y:+1.0,z:+1.0}} ikpose:{tr:{x:+0.0,y:+10.0,z:+0.0},ori:{v:{x:+0.118286,y:+2.02713e-2,z:+0.964965},w:-0.233428},sc:{x:+1.0,y:+1.0,z:+1.0}}{tr:{x:-8.630859,y:+5.542969,z:+2.377441},ori:{v:{x:+0.091461,y:-0.077697,z:+0.440307},w:-0.88977},sc:{x:+1.0,y:+1.0,z:+1.0}}{tr:{x:-4.128906,y:-0.440368,z:+1.94458},ori:{v:{x:+1.573944e-2,y:-0.118972,z:-0.27008},w:-0.955322},sc:{x:+1.0,y:+1.0,z:+1.0}}{tr:{x:+0.953674e-6,y:+2.121093,z:+0.76538},ori:{v:{x:+0.0,y:+0.0,z:+0.0},w:+1.0},sc:{x:+1.0,y:+1.0,z:+1.0}}
6 basePose:{tr:{x:+0.0,y:+10.0,z:+0.0},ori:{v:{x:+0.0,y:+0.0,z:+0.707153},w:+0.707153},sc:{x:+1.0,y:+1.0,z:+1.0}}{tr:{x:+0.0,y:+20.0,z:+0.0},ori:{v:{x:+0.0,y:+0.0,z:+0.98291},w:+0.184326},sc:{x:+1.0,y:+1.0,z:+1.0}}{tr:{x:-6.990234,y:+22.71875,z:+0.0},ori:{v:{x:+0.0,y:+0.0,z:+0.817016},w:-0.57666},sc:{x:+1.0,y:+1.0,z:+1.0}}{tr:{x:-8.666016,y:+18.00781,z:+0.0},ori:{v:{x:+0.0,y:+0.0,z:-0.043792},w:-0.999023},sc:{x:+1.0,y:+1.0,z:+1.0}} ikpose:{tr:{x:+0.0,y:+10.0,z:+0.0},ori:{v:{x:+0.134124,y:+2.127456e-2,z:+0.960327},w:-0.243438},sc:{x:+1.0,y:+1.0,z:+1.0}}{tr:{x:-8.455078,y:+5.380859,z:+2.680175},ori:{v:{x:+0.104568,y:-0.086669,z:+0.451477},w:-0.881835},sc:{x:+1.0,y:+1.0,z:+1.0}}{tr:{x:-4.125,y:-0.727172,z:+2.241699},ori:{v:{x:+1.847839e-2,y:-0.134552,z:-0.263366},w:-0.955078},sc:{x:+1.0,y:+1.0,z:+1.0}}{tr:{x:+0.953674e-6,y:+1.763427,z:+0.907959},ori:{v:{x:+0.0,y:+0.0,z:+0.0},w:+1.0},sc:{x:+1.0,y:+1.0,z:+1.0}}
7 basePose:{tr:{x:+0.0,y:+10.0,z:+0.0},ori:{v:{x:+0.0,y:+0.0,z:+0.707153},w:+0.707153},sc:{x:+1.0,y:+1.0,z:+1.0}}{tr:{x:+0.0,y:+20.0,z:+0.0},ori:{v:{x:+0.0,y:+0.0,z:+0.98291},w:+0.184326},sc:{x:+1.0,y:+1.0,z:+1.0}}{tr:{x:-6.990234,y:+22.71875,z:+0.0},ori:{v:{x:+0.0,y:+0.0,z:+0.817016},w:-0.57666},sc:{x:+1.0,y:+1.0,z:+1.0}}{tr:{x:-8.666016,y:+18.00781,z:+0.0},ori:{v:{x:+0.0,y:+0.0,z:-0.043792},w:-0.999023},sc:{x:+1.0,y:+1.0,z:+1.0}} ikpose:{tr:{x:+0.0,y:+10.0,z:+0.0},ori:{v:{x:+0.147155,y:+2.124405e-2,z:+0.955444},w:-0.254943},sc:{x:+1.0,y:+1.0,z:+1.0}}{tr:{x:-8.267578,y:+5.190429,z:+2.92041},ori:{v:{x:+0.115783,y:-0.093261,z:+0.464172},w:-0.873168},sc:{x:+1.0,y:+1.0,z:+1.0}}{tr:{x:-4.128906,y:-1.050781,z:+2.504882},ori:{v:{x:+2.110672e-2,y:-0.147155,z:-0.255859},w:-0.9552},sc:{x:+1.0,y:+1.0,z:+1.0}}{tr:{x:-1.907348e-6,y:+1.36206,z:+1.044921},ori:{v:{x:+0.0,y:+0.0,z:+0.0},w:+1.0},sc:{x:+1.0,y:+1.0,z:+1.0}}
8 basePose:{tr:{x:+0.0,y:+10.0,z:+0.0},ori:{v:{x:+0.0,y:+0.0,z:+0.707153},w:+0.707153},sc:{x:+1.0,y:+1.0,z:+1.0}}{tr:{x:+0.0,y:+20.0,z:+0.0},ori:{v:{x:+0.0,y:+0.0,z:+0.98291},w:+0.184326},sc:{x:+1.0,y:+1.0,z:+1.0}}{tr:{x:-6.990234,y:+22.71875,z:+0.0},ori:{v:{x:+0.0,y:+0.0,z:+0.817016},w:-0.57666},sc:{x:+1.0,y:+1.0,z:+1.0}}{tr:{x:-8.666016,y:+18.00781,z:+0.0},ori:{v:{x:+0.0,y:+0.0,z:-0.043792},w:-0.999023},sc:{x:+1.0,y:+1.0,z:+1.0}} ikpose:{tr:{x:+0.0,y:+10.0,z:+0.0},ori:{v:{x:+0.157592,y:+2.033996e-2,z:+0.950317},w:-0.2677},sc:{x:+1.0,y:+1.0,z:+1.0}}{tr:{x:-8.070313,y:+4.976562,z:+3.104004},ori:{v:{x:+0.125274,y:-0.097732,z:+0.477966},w:-0.863891},sc:{x:+1.0,y:+1.0,z:+1.0}}{tr:{x:-4.140625,y:-1.401367,z:+2.735839},ori:{v:{x:+2.367401e-2,y:-0.157135,z:-0.247497},w:-0.95581},sc:{x:+1.0,y:+1.0,z:+1.0}}{tr:{x:+1.907348e-6,y:+0.927001,z:+1.175537},ori:{v:{x:+0.0,y:+0.0,z:+0.0},w:+1.0},sc:{x:+1.0,y:+1.0,z:+1.0}}
9 basePose:{tr:{x:+0.0,y:+10.0,z:+0.0},ori:{v:{x:+0.0,y:+0.0,z:+0.707153},w:+0.707153},sc:{x:+1.0,y:+1.0,z:+1.0}}{tr:{x:+0.0,y:+20.0,z:+0.0},ori:{v:{x:+0.0,y:+0.0,z:+0.98291},w:+0.184326},sc:{x:+1.0,y:+1.0,z:+1.0}}{tr:{x:-6.990234,y:+22.71875,z:+0.0},ori:{v:{x:+0.0,y:+0.0,z:+0.817016},w:-0.57666},sc:{x:+1.0,y:+1.0,z:+1.0}}{tr:{x:-8.666016,y:+18.00781,z:+0.0},ori:{v:{x:+0.0,y:+0.0,z:-0.043792},w:-0.999023},sc:{x:+1.0,y:+1.0,z:+1.0}} ikpose:{tr:{x:+0.0,y:+10.0,z:+0.0},ori:{v:{x:+0.165771,y:+1.874542e-2,z:+0.944946},w:-0.281311},sc:{x:+1.0,y:+1.0,z:+1.0}}{tr:{x:-7.867187,y:+4.745117,z:+3.238769},ori:{v:{x:+0.13327,y:-0.100372,z:+0.492736},w:-0.854003},sc:{x:+1.0,y:+1.0,z:+1.0}}{tr:{x:-4.160156,y:-1.767578,z:+2.9375},ori:{v:{x:+2.62146e-2,y:-0.164764,z:-0.238342},w:-0.956787},sc:{x:+1.0,y:+1.0,z:+1.0}}{tr:{x:+0.0,y:+0.469299,z:+1.298828},ori:{v:{x:+0.0,y:+0.0,z:+0.0},w:+1.0},sc:{x:+1.0,y:+1.0,z:+1.0}}
10 basePose:{tr:{x:+0.0,y:+10.0,z:+0.0},ori:{v:{x:+0.0,y:+0.0,z:+0.707153},w:+0.707153},sc:{x:+1.0,y:+1.0,z:+1.0}}{tr:{x:+0.0,y:+20.0,z:+0.0},ori:{v:{x:+0.0,y:+0.0,z:+0.98291},w:+0.184326},sc:{x:+1.0,y:+1.0,z:+1.0}}{tr:{x:-6.990234,y:+22.71875,z:+0.0},ori:{v:{x:+0.0,y:+0.0,z:+0.817016},w:-0.57666},sc:{x:+1.0,y:+1.0,z:+1.0}}{tr:{x:-8.666016,y:+18.00781,z:+0.0},ori:{v:{x:+0.0,y:+0.0,z:-0.043792},w:-0.999023},sc:{x:+1.0,y:+1.0,z:+1.0}} ikpose:{tr:{x:+0.0,y:+10.0,z:+0.0},ori:{v:{x:+0.172058,y:+1.665115e-2,z:+0.939575},w:-0.295471},sc:{x:+1.0,y:+1.0,z:+1.0}}{tr:{x:-7.662109,y:+4.504883,z:+3.332031},ori:{v:{x:+0.139923,y:-0.101531,z:+0.508056},w:-0.84375},sc:{x:+1.0,y:+1.0,z:+1.0}}{tr:{x:-4.188476,y:-2.138183,z:+3.113281},ori:{v:{x:+2.877426e-2,y:-0.170471,z:-0.228302},w:-0.958129},sc:{x:+1.0,y:+1.0,z:+1.0}}{tr:{x:-0.476837e-6,y:-0.715255e-5,z:+1.414306},ori:{v:{x:+0.0,y:+0.0,z:+0.0},w:+1.0},sc:{x:+1.0,y:+1.0,z:+1.0}}
11 basePose:{tr:{x:+0.0,y:+10.0,z:+0.0},ori:{v:{x:+0.0,y:+0.0,z:+0.707153},w:+0.707153},sc:{x:+1.0,y:+1.0,z:+1.0}}{tr:{x:+0.0,y:+20.0,z:+0.0},ori:{v:{x:+0.0,y:+0.0,z:+0.98291},w:+0.184326},sc:{x:+1.0,y:+1.0,z:+1.0}}{tr:{x:-6.990234,y:+22.71875,z:+0.0},ori:{v:{x:+0.0,y:+0.0,z:+0.817016},w:-0.57666},sc:{x:+1.0,y:+1.0,z:+1.0}}{tr:{x:-8.666016,y:+18.00781,z:+0.0},ori:{v:{x:+0.0,y:+0.0,z:-0.043792},w:-0.999023},sc:{x:+1.0,y:+1.0,z:+1.0}} ikpose:{tr:{x:+0.0,y:+10.0,z:+0.0},ori:{v:{x:+0.176818,y:+1.424026e-2,z:+0.934082},w:-0.309692},sc:{x:+1.0,y:+1.0,z:+1.0}}{tr:{x:-7.456054,y:+4.263672,z:+3.391601},ori:{v:{x:+0.145446,y:-0.101516,z:+0.523559},w:-0.833374},sc:{x:+1.0,y:+1.0,z:+1.0}}{tr:{x:-4.222656,y:-2.501464,z:+3.264648},ori:{v:{x:+0.031356,y:-0.174591,z:-0.217437},w:-0.959838},sc:{x:+1.0,y:+1.0,z:+1.0}}{tr:{x:-1.907348e-6,y:-0.469299,z:+1.520752},ori:{v:{x:+0.0,y:+0.0,z:+0.0},w:+1.0},sc:{x:+1.0,y:+1.0,z:+1.0}}
12 basePose:{tr:{x:+0.0,y:+10.0,z:+0.0},ori:{v:{x:+0.0,y:+0.0,z:+0.707153},w:+0.707153},sc:{x:+1.0,y:+1.0,z:+1.0}}{tr:{x:+0.0,y:+20.0,z:+0.0},ori:{v:{x:+0.0,y:+0.0,z:+0.98291},w:+0.184326},sc:{x:+1.0,y:+1.0,z:+1.0}}{tr:{x:-6.990234,y:+22.71875,z:+0.0},ori:{v:{x:+0.0,y:+0.0,z:+0.817016},w:-0.57666},sc:{x:+1.0,y:+1.0,z:+1.0}}{tr:{x:-8.666016,y:+18.00781,z:+0.0},ori:{v:{x:+0.0,y:+0.0,z:-0.043792},w:-0.999023},sc:{x:+1.0,y:+1.0,z:+1.0}} ikpose:{tr:{x:+0.0,y:+10.0,z:+0.0},ori:{v:{x:+0.180297,y:+1.168251e-2,z:+0.92871},w:-0.323669},sc:{x:+1.0,y:+1.0,z:+1.0}}{tr:{x:-7.254883,y:+4.029297,z:+3.424316},ori:{v:{x:+0.150024,y:-0.100662,z:+0.538818},w:-0.822876},sc:{x:+1.0,y:+1.0,z:+1.0}}{tr:{x:-4.260742,y:-2.847168,z:+3.394531},ori:{v:{x:+0.033966,y:-0.177429,z:-0.205902},w:-0.961792},sc:{x:+1.0,y:+1.0,z:+1.0}}{tr:{x:+0.476837e-6,y:-0.927001,z:+1.617919},ori:{v:{x:+0.0,y:+0.0,z:+0.0},w:+1.0},sc:{x:+1.0,y:+1.0,z:+1.0}}
13 basePose:{tr:{x:+0.0,y:+10.0,z:+0.0},ori:{v:{x:+0.0,y:+0.0,z:+0.707153},w:+0.707153},sc:{x:+1.0,y:+1.0,z:+1.0}}{tr:{x:+0.0,y:+20.0,z:+0.0},ori:{v:{x:+0.0,y:+0.0,z:+0.98291},w:+0.184326},sc:{x:+1.0,y:+1.0,z:+1.0}}{tr:{x:-6.990234,y:+22.71875,z:+0.0},ori:{v:{x:+0.0,y:+0.0,z:+0.817016},w:-0.57666},sc:{x:+1.0,y:+1.0,z:+1.0}}{tr:{x:-8.666016,y:+18.00781,z:+0.0},ori:{v:{x:+0.0,y:+0.0,z:-0.043792},w:-0.999023},sc:{x:+1.0,y:+1.0,z:+1.0}} ikpose:{tr:{x:+0.0,y:+10.0,z:+0.0},ori:{v:{x:+0.182769,y:+0.911712e-2,z:+0.923584},w:-0.336975},sc:{x:+1.0,y:+1.0,z:+1.0}}{tr:{x:-7.060547,y:+3.808593,z:+3.4375},ori:{v:{x:+0.153778,y:-0.099243,z:+0.553466},w:-0.8125},sc:{x:+1.0,y:+1.0,z:+1.0}}{tr:{x:-4.302734,y:-3.165527,z:+3.504394},ori:{v:{x:+0.036567,y:-0.179321,z:-0.193908},w:-0.963745},sc:{x:+1.0,y:+1.0,z:+1.0}}{tr:{x:-2.384185e-6,y:-1.36206,z:+1.705322},ori:{v:{x:+0.0,y:+0.0,z:+0.0},w:+1.0},sc:{x:+1.0,y:+1.0,z:+1.0}}
14 basePose:{tr:{x:+0.0,y:+10.0,z:+0.0},ori:{v:{x:+0.0,y:+0.0,z:+0.707153},w:+0.707153},sc:{x:+1.0,y:+1.0,z:+1.0}}{tr:{x:+0.0,y:+20.0,z:+0.0},ori:{v:{x:+0.0,y:+0.0,z:+0.98291},w:+0.184326},sc:{x:+1.0,y:+1.0,z:+1.0}}{tr:{x:-6.990234,y:+22.71875,z:+0.0},ori:{v:{x:+0.0,y:+0.0,z:+0.817016},w:-0.57666},sc:{x:+1.0,y:+1.0,z:+1.0}}{tr:{x:-8.666016,y:+18.00781,z:+0.0},ori:{v:{x:+0.0,y:+0.0,z:-0.043792},w:-0.999023},sc:{x:+1.0,y:+1.0,z:+1.0}} ikpose:{tr:{x:+0.0,y:+10.0,z:+0.0},ori:{v:{x:+0.184509,y:+0.667285e-2,z:+0.918701},w:-0.349304},sc:{x:+1.0,y:+1.0,z:+1.0}}{tr:{x:-6.878906,y:+3.607422,z:+3.437011},ori:{v:{x:+0.156799,y:-0.097518,z:+0.567016},w:-0.802734},sc:{x:+1.0,y:+1.0,z:+1.0}}{tr:{x:-4.34375,y:-3.449218,z:+3.596191},ori:{v:{x:+0.039093,y:-0.18045,z:-0.181854},w:-0.96582},sc:{x:+1.0,y:+1.0,z:+1.0}}{tr:{x:-0.476837e-6,y:-1.763427,z:+1.781982},ori:{v:{x:+0.0,y:+0.0,z:+0.0},w:+1.0},sc:{x:+1.0,y:+1.0,z:+1.0}}
15 basePose:{tr:{x:+0.0,y:+10.0,z:+0.0},ori:{v:{x:+0.0,y:+0.0,z:+0.707153},w:+0.707153},sc:{x:+1.0,y:+1.0,z:+1.0}}{tr:{x:+0.0,y:+20.0,z:+0.0},ori:{v:{x:+0.0,y:+0.0,z:+0.98291},w:+0.184326},sc:{x:+1.0,y:+1.0,z:+1.0}}{tr:{x:-6.990234,y:+22.71875,z:+0.0},ori:{v:{x:+0.0,y:+0.0,z:+0.817016},w:-0.57666},sc:{x:+1.0,y:+1.0,z:+1.0}}{tr:{x:-8.666016,y:+18.00781,z:+0.0},ori:{v:{x:+0.0,y:+0.0,z:-0.043792},w:-0.999023},sc:{x:+1.0,y:+1.0,z:+1.0}} ikpose:{tr:{x:+0.0,y:+10.0,z:+0.0},ori:{v:{x:+0.185699,y:+0.444698e-2,z:+0.914184},w:-0.360229},sc:{x:+1.0,y:+1.0,z:+1.0}}{tr:{x:-6.714844,y:+3.430175,z:+3.427246},ori:{v:{x:+0.15921,y:-0.095703,z:+0.579101},w:-0.793823},sc:{x:+1.0,y:+1.0,z:+1.0}}{tr:{x:-4.381836,y:-3.693847,z:+3.67041},ori:{v:{x:+0.041473,y:-0.18106,z:-0.170257},w:-0.967773},sc:{x:+1.0,y:+1.0,z:+1.0}}{tr:{x:-1.907348e-6,y:-2.121093,z:+1.847656},ori:{v:{x:+0.0,y:+0.0,z:+0.0},w:+1.0},sc:{x:+1.0,y:+1.0,z:+1.0}}
16 basePose:{tr:{x:+0.0,y:+10.0,z:+0.0},ori:{v:{x:+0.0,y:+0.0,z:+0.707153},w:+0.707153},sc:{x:+1.0,y:+1.0,z:+1.0}}{tr:{x:+0.0,y:+20.0,z:+0.0},ori:{v:{x:+0.0,y:+0.0,z:+0.98291},w:+0.184326},sc:{x:+1.0,y:+1.0,z:+1.0}}{tr:{x:-6.990234,y:+22.71875,z:+0.0},ori:{v:{x:+0.0,y:+0.0,z:+0.817016},w:-0.57666},sc:{x:+1.0,y:+1.0,z:+1.0}}{tr:{x:-8.666016,y:+18.00781,z:+0.0},ori:{v:{x:+0.0,y:+0.0,z:-0.043792},w:-0.999023},sc:{x:+1.0,y:+1.0,z:+1.0}} ikpose:{tr:{x:+0.0,y:+10.0,z:+0.0},ori:{v:{x:+0.186462,y:+2.63834e-3,z:+0.910522},w:-0.369018},sc:{x:+1.0,y:+1.0,z:+1.0}}{tr:{x:-6.581054,y:+3.28955,z:+3.415039},ori:{v:{x:+0.161041,y:-0.094024,z:+0.589111},w:-0.786254},sc:{x:+1.0,y:+1.0,z:+1.0}}{tr:{x:-4.419922,y:-3.885254,z:+3.729004},ori:{v:{x:+0.043792,y:-0.181243,z:-0.158599},w:-0.969604},sc:{x:+1.0,y:+1.0,z:+1.0}}{tr:{x:-0.953674e-6,y:-2.427246,z:+1.902099},ori:{v:{x:+0.0,y:+0.0,z:+0.0},w:+1.0},sc:{x:+1.0,y:+1.0,z:+1.0}}
17 basePose:{tr:{x:+0.0,y:+10.0,z:+0.0},ori:{v:{x:+0.0,y:+0.0,z:+0.707153},w:+0.707153},sc:{x:+1.0,y:+1.0,z:+1.0}}{tr:{x:+0.0,y:+20.0,z:+0.0},ori:{v:{x:+0.0,y:+0.0,z:+0.98291},w:+0.184326},sc:{x:+1.0,y:+1.0,z:+1.0}}{tr:{x:-6.990234,y:+22.71875,z:+0.0},ori:{v:{x:+0.0,y:+0.0,z:+0.817016},w:-0.57666},sc:{x:+1.0,y:+1.0,z:+1.0}}{tr:{x:-8.666016,y:+18.00781,z:+0.0},ori:{v:{x:+0.0,y:+0.0,z:-0.043792},w:-0.999023},sc:{x:+1.0,y:+1.0,z:+1.0}} ikpose:{tr:{x:+0.0,y:+10.0,z:+0.0},ori:{v:{x:+0.18692,y:+1.485824e-3,z:+0.908203},w:-0.374572},sc:{x:+1.0,y:+1.0,z:+1.0}}{tr:{x:-6.495117,y:+3.202148,z:+3.40625},ori:{v:{x:+0.162292,y:-0.092758,z:+0.596313},w:-0.780639},sc:{x:+1.0,y:+1.0,z:+1.0}}{tr:{x:-4.458984,y:-4.006836,z:+3.771972},ori:{v:{x:+0.046257,y:-0.181121,z:-0.145935},w:-0.971435},sc:{x:+1.0,y:+1.0,z:+1.0}}{tr:{x:-0.476837e-6,y:-2.672851,z:+1.944824},ori:{v:{x:+0.0,y:+0.0,z:+0.0},w:+1.0},sc:{x:+1.0,y:+1.0,z:+1.0}}
18 basePose:{tr:{x:+0.0,y:+10.0,z:+0.0},ori:{v:{x:+0.0,y:+0.0,z:+0.707153},w:+0.707153},sc:{x:+1.0,y:+1.0,z:+1.0}}{tr:{x:+0.0,y:+20.0,z:+0.0},ori:{v:{x:+0.0,y:+0.0,z:+0.98291},w:+0.184326},sc:{x:+1.0,y:+1.0,z:+1.0}}{tr:{x:-6.990234,y:+22.71875,z:+0.0},ori:{v:{x:+0.0,y:+0.0,z:+0.817016},w:-0.57666},sc:{x:+1.0,y:+1.0,z:+1.0}}{tr:{x:-8.666016,y:+18.00781,z:+0.0},ori:{v:{x:+0.0,y:+0.0,z:-0.043792},w:-0.999023},sc:{x:+1.0,y:+1.0,z:+1.0}} ikpose:{tr:{x:+0.0,y:+10.0,z:+0.0},ori:{v:{x:+0.187194,y:+0.639081e-3,z:+0.906372},w:-0.378662},sc:{x:+1.0,y:+1.0,z:+1.0}}{tr:{x:-6.43164,y:+3.138183,z:+3.398437},ori:{v:{x:+0.163146,y:-0.091812,z:+0.601562},w:-0.776611},sc:{x:+1.0,y:+1.0,z:+1.0}}{tr:{x:-4.486328,y:-4.09375,z:+3.800781},ori:{v:{x:+0.04808,y:-0.180908,z:-0.136474},w:-0.972778},sc:{x:+1.0,y:+1.0,z:+1.0}}{tr:{x:-1.907348e-6,y:-2.853027,z:+1.975341},ori:{v:{x:+0.0,y:+0.0,z:+0.0},w:+1.0},sc:{x:+1.0,y:+1.0,z:+1.0}}
19 basePose:{tr:{x:+0.0,y:+10.0,z:+0.0},ori:{v:{x:+0.0,y:+0.0,z:+0.707153},w:+0.707153},sc:{x:+1.0,y:+1.0,z:+1.0}}{tr:{x:+0.0,y:+20.0,z:+0.0},ori:{v:{x:+0.0,y:+0.0,z:+0.98291},w:+0.184326},sc:{x:+1.0,y:+1.0,z:+1.0}}{tr:{x:-6.990234,y:+22.71875,z:+0.0},ori:{v:{x:+0.0,y:+0.0,z:+0.817016},w:-0.57666},sc:{x:+1.0,y:+1.0,z:+1.0}}{tr:{x:-8.666016,y:+18.00781,z:+0.0},ori:{v:{x:+0.0,y:+0.0,z:-0.043792},w:-0.999023},sc:{x:+1.0,y:+1.0,z:+1.0}} ikpose:{tr:{x:+0.0,y:+10.0,z:+0.0},ori:{v:{x:+0.187347,y:+1.217126e-4,z:+0.905395},w:-0.381103},sc:{x:+1.0,y:+1.0,z:+1.0}}{tr:{x:-6.393554,y:+3.099609,z:+3.393066},ori:{v:{x:+0.163635,y:-0.091217,z:+0.604736},w:-0.774169},sc:{x:+1.0,y:+1.0,z:+1.0}}{tr:{x:-4.502929,y:-4.145508,z:+3.817871},ori:{v:{x:+0.049201,y:-0.180755,z:-0.130584},w:-0.973632},sc:{x:+1.0,y:+1.0,z:+1.0}}{tr:{x:+0.0,y:-2.96289,z:+1.993896},ori:{v:{x:+0.0,y:+0.0,z:+0.0},w:+1.0},sc:{x:+1.0,y:+1.0,z:+1.0}}
