inval:+0.0 outval:+0.0
inval:+1.0 outval:+1.0
inval:+2.0 outval:+2.0
inval:+3.0 outval:+3.0
inval:+4.0 outval:+4.0
inval:+5.0 outval:+5.0
inval:+6.0 outval:+6.0
inval:+7.0 outval:+7.0
inval:+8.0 outval:+7.5
inval:+9.0 outval:+8.0
inval:+10.0 outval:+8.5
inval:+11.0 outval:+9.0
inval:+12.0 outval:+9.5
inval:+13.0 outval:+10.0
inval:+14.0 outval:+10.0
inval:+15.0 outval:+10.0
inval:+16.0 outval:+10.0
inval:+17.0 outval:+10.0
inval:+18.0 outval:+10.0
inval:+19.0 outval:+10.0
